
> loops-backend@1.0.0 build
> tsc

src/plugins/ethereum.ts(35,34): error TS2322: Type '{ account: undefined; batch?: { multicall?: boolean | { batchSize?: number | undefined; deployless?: boolean | undefined; wait?: number | undefined; } | undefined; } | undefined; cacheTime: number; ... 69 more ...; extend: <const client extends { ...; } & ExactPartial<...>>(fn: (client: Client<...>) => client) => Cl...' is not assignable to type '{ account: Account | { address: `0x${string}`; type: "json-rpc"; } | undefined; batch?: { multicall?: boolean | { batchSize?: number | undefined; deployless?: boolean | undefined; wait?: number | undefined; } | undefined; } | undefined; ... 70 more ...; extend: <const client extends { ...; } & ExactPartial<...>>(fn:...'.
  The types returned by 'getBlock(...)' are incompatible between these types.
    Type 'Promise<{ number: bigint | null; nonce: `0x${string}` | null; hash: `0x${string}` | null; gasUsed: bigint; logsBloom: `0x${string}` | null; baseFeePerGas: bigint | null; blobGasUsed: bigint; difficulty: bigint; ... 18 more ...; transactions: `0x${string}`[] | ({ ...; } | ... 4 more ... | { ...; })[]; }>' is not assignable to type 'Promise<{ number: bigint | null; nonce: `0x${string}` | null; hash: `0x${string}` | null; gasUsed: bigint; logsBloom: `0x${string}` | null; baseFeePerGas: bigint | null; blobGasUsed: bigint; difficulty: bigint; ... 18 more ...; transactions: `0x${string}`[] | ({ ...; } | ... 3 more ... | { ...; })[]; }>'.
      Type '{ number: bigint | null; nonce: `0x${string}` | null; hash: `0x${string}` | null; gasUsed: bigint; logsBloom: `0x${string}` | null; baseFeePerGas: bigint | null; blobGasUsed: bigint; difficulty: bigint; ... 18 more ...; transactions: `0x${string}`[] | ({ ...; } | ... 4 more ... | { ...; })[]; }' is not assignable to type '{ number: bigint | null; nonce: `0x${string}` | null; hash: `0x${string}` | null; gasUsed: bigint; logsBloom: `0x${string}` | null; baseFeePerGas: bigint | null; blobGasUsed: bigint; difficulty: bigint; ... 18 more ...; transactions: `0x${string}`[] | ({ ...; } | ... 3 more ... | { ...; })[]; }'.
        Types of property 'transactions' are incompatible.
          Type '`0x${string}`[] | ({ from: `0x${string}`; type: "deposit"; to: `0x${string}` | null; gas: bigint; nonce: number; value: bigint; gasPrice?: undefined; maxFeePerBlobGas?: undefined; maxFeePerGas: bigint; maxPriorityFeePerGas: bigint; ... 13 more ...; transactionIndex: number | null; } | ... 4 more ... | { ...; })[]' is not assignable to type '`0x${string}`[] | ({ from: `0x${string}`; type: "legacy"; to: `0x${string}` | null; gas: bigint; nonce: number; value: bigint; blobVersionedHashes?: undefined; gasPrice: bigint; maxFeePerBlobGas?: undefined; ... 15 more ...; transactionIndex: number | null; } | { ...; } | { ...; } | { ...; } | { ...; })[]'.
            Type '({ from: `0x${string}`; type: "deposit"; to: `0x${string}` | null; gas: bigint; nonce: number; value: bigint; gasPrice?: undefined; maxFeePerBlobGas?: undefined; maxFeePerGas: bigint; maxPriorityFeePerGas: bigint; ... 13 more ...; transactionIndex: number | null; } | ... 4 more ... | { ...; })[]' is not assignable to type '`0x${string}`[] | ({ from: `0x${string}`; type: "legacy"; to: `0x${string}` | null; gas: bigint; nonce: number; value: bigint; blobVersionedHashes?: undefined; gasPrice: bigint; maxFeePerBlobGas?: undefined; ... 15 more ...; transactionIndex: number | null; } | { ...; } | { ...; } | { ...; } | { ...; })[]'.
              Type '({ from: `0x${string}`; type: "deposit"; to: `0x${string}` | null; gas: bigint; nonce: number; value: bigint; gasPrice?: undefined; maxFeePerBlobGas?: undefined; maxFeePerGas: bigint; maxPriorityFeePerGas: bigint; ... 13 more ...; transactionIndex: number | null; } | ... 4 more ... | { ...; })[]' is not assignable to type '`0x${string}`[]'.
                Type '{ from: `0x${string}`; type: "deposit"; to: `0x${string}` | null; gas: bigint; nonce: number; value: bigint; gasPrice?: undefined; maxFeePerBlobGas?: undefined; maxFeePerGas: bigint; maxPriorityFeePerGas: bigint; ... 13 more ...; transactionIndex: number | null; } | ... 4 more ... | { ...; }' is not assignable to type '`0x${string}`'.
                  Type '{ from: `0x${string}`; type: "deposit"; to: `0x${string}` | null; gas: bigint; nonce: number; value: bigint; gasPrice?: undefined; maxFeePerBlobGas?: undefined; maxFeePerGas: bigint; maxPriorityFeePerGas: bigint; ... 13 more ...; transactionIndex: number | null; }' is not assignable to type '`0x${string}`'.
src/routes/webhook-tools.ts(378,7): error TS2345: Argument of type '{ account: Account | { address: `0x${string}`; type: "json-rpc"; } | undefined; batch?: { multicall?: boolean | { batchSize?: number | undefined; deployless?: boolean | undefined; wait?: number | undefined; } | undefined; } | undefined; ... 70 more ...; extend: <const client extends { ...; } & ExactPartial<...>>(fn:...' is not assignable to parameter of type '{ account: undefined; batch?: { multicall?: boolean | { batchSize?: number | undefined; deployless?: boolean | undefined; wait?: number | undefined; } | undefined; } | undefined; cacheTime: number; ... 69 more ...; extend: <const client extends { ...; } & ExactPartial<...>>(fn: (client: Client<...>) => client) => Cl...'.
  Types of property 'account' are incompatible.
    Type 'Account | { address: `0x${string}`; type: "json-rpc"; } | undefined' is not assignable to type 'undefined'.
      Type '{ client: Client<Transport, Chain | undefined, { address: `0x${string}`; nonceManager?: NonceManager | undefined; sign?: ((parameters: { hash: `0x${string}`; }) => Promise<...>) | undefined; ... 6 more ...; type: "local"; } | JsonRpcAccount | undefined>; ... 22 more ...; source?: undefined; }' is not assignable to type 'undefined'.
src/services/attestation-service.ts(39,36): error TS2352: Conversion of type 'EvidenceBundle' to type 'JsonValue' may be a mistake because neither type sufficiently overlaps with the other. If this was intentional, convert the expression to 'unknown' first.
  Type 'EvidenceBundle' is not comparable to type '{ [key: string]: JsonValue; }'.
    Index signature for type 'string' is missing in type 'EvidenceBundle'.
